Logging to: d:\Documents\AI\Project\AudioProject\logs\train_20260607_194010.log

Loading data...
MLP — Train: 6985, Val: 1747
CNN — Train: 6985, Val: 1747

MLP params: 4,798,922

============================================================
Training MLP
============================================================
Epoch  1/40 | Train Loss: 2.2776  Acc: 0.1695 | Val Loss: 2.1635  Acc: 0.1774 | 12.6s
Epoch  2/40 | Train Loss: 2.1026  Acc: 0.2671 | Val Loss: 2.1790  Acc: 0.1912 | 13.1s
Epoch  3/40 | Train Loss: 1.8610  Acc: 0.4271 | Val Loss: 2.2348  Acc: 0.2141 | 12.4s
Epoch  4/40 | Train Loss: 1.5956  Acc: 0.5505 | Val Loss: 2.3442  Acc: 0.2238 | 12.7s
Epoch  5/40 | Train Loss: 1.3552  Acc: 0.6495 | Val Loss: 2.4859  Acc: 0.2290 | 12.6s
Epoch  6/40 | Train Loss: 1.0735  Acc: 0.7437 | Val Loss: 2.6993  Acc: 0.2290 | 12.4s
Epoch  7/40 | Train Loss: 0.9201  Acc: 0.7974 | Val Loss: 2.7615  Acc: 0.2330 | 12.3s
Epoch  8/40 | Train Loss: 0.7422  Acc: 0.8411 | Val Loss: 2.8705  Acc: 0.2284 | 12.4s
Epoch  9/40 | Train Loss: 0.6827  Acc: 0.8598 | Val Loss: 3.0285  Acc: 0.2278 | 12.3s
Epoch 10/40 | Train Loss: 0.5851  Acc: 0.8805 | Val Loss: 3.0541  Acc: 0.2290 | 12.2s
Epoch 11/40 | Train Loss: 0.5574  Acc: 0.8925 | Val Loss: 3.1393  Acc: 0.2324 | 12.3s
Epoch 12/40 | Train Loss: 0.4911  Acc: 0.9045 | Val Loss: 3.0503  Acc: 0.2444 | 12.4s
Epoch 13/40 | Train Loss: 0.4495  Acc: 0.9094 | Val Loss: 3.1063  Acc: 0.2404 | 12.3s
Epoch 14/40 | Train Loss: 0.3997  Acc: 0.9241 | Val Loss: 3.2027  Acc: 0.2376 | 12.1s
Epoch 15/40 | Train Loss: 0.3986  Acc: 0.9218 | Val Loss: 3.0724  Acc: 0.2484 | 12.1s
Epoch 16/40 | Train Loss: 0.3950  Acc: 0.9162 | Val Loss: 3.2199  Acc: 0.2330 | 12.2s
Epoch 17/40 | Train Loss: 0.3714  Acc: 0.9263 | Val Loss: 3.2053  Acc: 0.2421 | 12.1s
Epoch 18/40 | Train Loss: 0.3850  Acc: 0.9246 | Val Loss: 3.1544  Acc: 0.2358 | 12.2s
Epoch 19/40 | Train Loss: 0.3543  Acc: 0.9303 | Val Loss: 3.2939  Acc: 0.2473 | 12.2s
Epoch 20/40 | Train Loss: 0.3570  Acc: 0.9288 | Val Loss: 3.1696  Acc: 0.2467 | 12.1s
Epoch 21/40 | Train Loss: 0.3494  Acc: 0.9329 | Val Loss: 3.2704  Acc: 0.2324 | 12.4s
Epoch 22/40 | Train Loss: 0.3019  Acc: 0.9314 | Val Loss: 3.1875  Acc: 0.2324 | 12.7s
Epoch 23/40 | Train Loss: 0.2494  Acc: 0.9439 | Val Loss: 3.1169  Acc: 0.2513 | 12.3s
Epoch 24/40 | Train Loss: 0.2284  Acc: 0.9489 | Val Loss: 3.1353  Acc: 0.2473 | 12.4s
Epoch 25/40 | Train Loss: 0.2237  Acc: 0.9463 | Val Loss: 2.9702  Acc: 0.2582 | 12.3s
Epoch 26/40 | Train Loss: 0.1962  Acc: 0.9559 | Val Loss: 3.1269  Acc: 0.2490 | 12.3s
Epoch 27/40 | Train Loss: 0.1997  Acc: 0.9538 | Val Loss: 3.1224  Acc: 0.2404 | 12.2s
Epoch 28/40 | Train Loss: 0.1923  Acc: 0.9568 | Val Loss: 3.1351  Acc: 0.2479 | 12.5s
Epoch 29/40 | Train Loss: 0.1961  Acc: 0.9603 | Val Loss: 3.2265  Acc: 0.2347 | 12.5s
Epoch 30/40 | Train Loss: 0.1996  Acc: 0.9589 | Val Loss: 3.2897  Acc: 0.2427 | 12.5s
Epoch 31/40 | Train Loss: 0.1846  Acc: 0.9619 | Val Loss: 2.9900  Acc: 0.2604 | 12.5s
Epoch 32/40 | Train Loss: 0.1855  Acc: 0.9566 | Val Loss: 3.0461  Acc: 0.2456 | 12.5s
Epoch 33/40 | Train Loss: 0.1965  Acc: 0.9598 | Val Loss: 3.1740  Acc: 0.2427 | 12.5s
Epoch 34/40 | Train Loss: 0.1806  Acc: 0.9631 | Val Loss: 2.9995  Acc: 0.2559 | 12.5s
Epoch 35/40 | Train Loss: 0.1869  Acc: 0.9625 | Val Loss: 3.0466  Acc: 0.2387 | 12.5s
Epoch 36/40 | Train Loss: 0.1805  Acc: 0.9632 | Val Loss: 3.1404  Acc: 0.2461 | 12.5s
Epoch 37/40 | Train Loss: 0.1892  Acc: 0.9645 | Val Loss: 2.9986  Acc: 0.2496 | 12.5s
Epoch 38/40 | Train Loss: 0.1781  Acc: 0.9576 | Val Loss: 3.0714  Acc: 0.2416 | 12.5s
Epoch 39/40 | Train Loss: 0.1678  Acc: 0.9616 | Val Loss: 2.9656  Acc: 0.2519 | 12.5s
Early stopping (epoch 39)
MLP best val accuracy: 0.2604

CNN params: 430,602

============================================================
Training CNN
============================================================
Epoch  1/40 | Train Loss: 1.8250  Acc: 0.3313 | Val Loss: 1.2573  Acc: 0.5421 | 66.7s
Epoch  2/40 | Train Loss: 1.4203  Acc: 0.4966 | Val Loss: 1.1539  Acc: 0.5535 | 66.0s
Epoch  3/40 | Train Loss: 1.2500  Acc: 0.5645 | Val Loss: 1.0938  Acc: 0.6102 | 66.4s
Epoch  4/40 | Train Loss: 1.1414  Acc: 0.6116 | Val Loss: 1.0638  Acc: 0.6388 | 66.4s
Epoch  5/40 | Train Loss: 1.0265  Acc: 0.6641 | Val Loss: 1.1955  Acc: 0.5690 | 66.7s
Epoch  6/40 | Train Loss: 0.9510  Acc: 0.6959 | Val Loss: 1.2157  Acc: 0.5850 | 66.1s
Epoch  7/40 | Train Loss: 0.8814  Acc: 0.7180 | Val Loss: 0.6311  Acc: 0.7756 | 66.0s
Epoch  8/40 | Train Loss: 0.8477  Acc: 0.7363 | Val Loss: 1.3544  Acc: 0.5787 | 66.6s
Epoch  9/40 | Train Loss: 0.7977  Acc: 0.7518 | Val Loss: 0.6129  Acc: 0.7968 | 67.1s
Epoch 10/40 | Train Loss: 0.7814  Acc: 0.7648 | Val Loss: 0.6688  Acc: 0.7728 | 66.4s
Epoch 11/40 | Train Loss: 0.7158  Acc: 0.7874 | Val Loss: 0.7144  Acc: 0.7722 | 66.3s
Epoch 12/40 | Train Loss: 0.7025  Acc: 0.7891 | Val Loss: 0.4480  Acc: 0.8506 | 66.7s
Epoch 13/40 | Train Loss: 0.6435  Acc: 0.8110 | Val Loss: 0.5360  Acc: 0.8231 | 66.3s
Epoch 14/40 | Train Loss: 0.6139  Acc: 0.8175 | Val Loss: 0.5058  Acc: 0.8414 | 65.4s
Epoch 15/40 | Train Loss: 0.6098  Acc: 0.8210 | Val Loss: 0.4743  Acc: 0.8563 | 66.1s
Epoch 16/40 | Train Loss: 0.5931  Acc: 0.8293 | Val Loss: 0.4013  Acc: 0.8672 | 65.0s
Epoch 17/40 | Train Loss: 0.5397  Acc: 0.8444 | Val Loss: 0.3646  Acc: 0.8838 | 65.3s
Epoch 18/40 | Train Loss: 0.5262  Acc: 0.8440 | Val Loss: 0.3672  Acc: 0.8918 | 63.9s
Epoch 19/40 | Train Loss: 0.4984  Acc: 0.8561 | Val Loss: 0.6417  Acc: 0.8008 | 63.8s
Epoch 20/40 | Train Loss: 0.5064  Acc: 0.8541 | Val Loss: 0.4920  Acc: 0.8420 | 65.1s
Epoch 21/40 | Train Loss: 0.4916  Acc: 0.8561 | Val Loss: 0.4528  Acc: 0.8569 | 66.3s
Epoch 22/40 | Train Loss: 0.4776  Acc: 0.8640 | Val Loss: 0.3775  Acc: 0.8775 | 65.7s
Epoch 23/40 | Train Loss: 0.4509  Acc: 0.8737 | Val Loss: 0.5917  Acc: 0.8266 | 65.5s
Epoch 24/40 | Train Loss: 0.4477  Acc: 0.8732 | Val Loss: 0.3667  Acc: 0.8861 | 64.9s
Epoch 25/40 | Train Loss: 0.3810  Acc: 0.8913 | Val Loss: 0.3346  Acc: 0.8924 | 64.8s
Epoch 26/40 | Train Loss: 0.3476  Acc: 0.8992 | Val Loss: 0.2906  Acc: 0.9073 | 64.4s
Epoch 27/40 | Train Loss: 0.3360  Acc: 0.9048 | Val Loss: 0.2594  Acc: 0.9227 | 64.7s
Epoch 28/40 | Train Loss: 0.3027  Acc: 0.9125 | Val Loss: 0.2992  Acc: 0.9204 | 65.4s
Epoch 29/40 | Train Loss: 0.3149  Acc: 0.9112 | Val Loss: 0.2688  Acc: 0.9170 | 65.5s
Epoch 30/40 | Train Loss: 0.3165  Acc: 0.9135 | Val Loss: 0.2921  Acc: 0.9067 | 65.8s
Epoch 31/40 | Train Loss: 0.2943  Acc: 0.9174 | Val Loss: 0.2339  Acc: 0.9267 | 64.8s
Epoch 32/40 | Train Loss: 0.2853  Acc: 0.9167 | Val Loss: 0.2627  Acc: 0.9250 | 64.2s
Epoch 33/40 | Train Loss: 0.3098  Acc: 0.9137 | Val Loss: 0.2707  Acc: 0.9170 | 63.9s
Epoch 34/40 | Train Loss: 0.2907  Acc: 0.9175 | Val Loss: 0.2698  Acc: 0.9124 | 64.3s
Epoch 35/40 | Train Loss: 0.2704  Acc: 0.9200 | Val Loss: 0.2485  Acc: 0.9216 | 64.5s
Epoch 36/40 | Train Loss: 0.2601  Acc: 0.9287 | Val Loss: 0.2727  Acc: 0.9147 | 65.0s
Epoch 37/40 | Train Loss: 0.2537  Acc: 0.9276 | Val Loss: 0.1825  Acc: 0.9416 | 64.8s
Epoch 38/40 | Train Loss: 0.2545  Acc: 0.9283 | Val Loss: 0.2645  Acc: 0.9244 | 64.8s
Epoch 39/40 | Train Loss: 0.2591  Acc: 0.9314 | Val Loss: 0.2340  Acc: 0.9388 | 64.6s
Epoch 40/40 | Train Loss: 0.2452  Acc: 0.9340 | Val Loss: 0.2335  Acc: 0.9342 | 64.5s
CNN best val accuracy: 0.9416

============================================================
FINAL EVALUATION
============================================================

MLP -> Accuracy: 0.2604  |  Weighted F1: 0.2631
CNN -> Accuracy: 0.9416  |  Weighted F1: 0.9415

--- MLP Classification Report ---
                  precision    recall  f1-score   support

 air_conditioner       0.65      0.39      0.48       200
        car_horn       0.31      0.22      0.26        86
children_playing       0.15      0.27      0.20       200
        dog_bark       0.22      0.43      0.29       200
        drilling       0.18      0.16      0.17       200
   engine_idling       0.53      0.34      0.41       200
        gun_shot       0.76      0.37      0.50        75
      jackhammer       0.37      0.08      0.13       200
           siren       0.18      0.32      0.23       186
    street_music       0.16      0.08      0.11       200

        accuracy                           0.26      1747
       macro avg       0.35      0.27      0.28      1747
    weighted avg       0.33      0.26      0.26      1747


--- CNN Classification Report ---
                  precision    recall  f1-score   support

 air_conditioner       0.93      0.98      0.96       200
        car_horn       0.96      0.90      0.93        86
children_playing       0.92      0.92      0.92       200
        dog_bark       0.93      0.92      0.92       200
        drilling       0.92      0.96      0.94       200
   engine_idling       0.98      0.93      0.96       200
        gun_shot       0.99      0.99      0.99        75
      jackhammer       0.94      0.95      0.95       200
           siren       0.95      0.96      0.95       186
    street_music       0.93      0.92      0.93       200

        accuracy                           0.94      1747
       macro avg       0.95      0.94      0.94      1747
    weighted avg       0.94      0.94      0.94      1747

Saved: plots/training_comparison.png
Saved: plots/MLP_confusion.png
Saved: plots/CNN_confusion.png

============================================================
COMPARISON SUMMARY
============================================================
Metric               MLP          CNN         
----------------------------------------------
Val Accuracy         0.2604       0.9416      
Weighted F1          0.2631       0.9415      
Best Val Acc         0.2604       0.9416      

--- Analysis ---
CNN outperforms MLP by 68.12%.

Done! Models saved in 'models/', plots saved in 'plots/'.
